// Jest Snapshot v1, https://goo.gl/fbAQLP

exports[`Pruebas en <GifApp /> debe hacer match con el snapshot 1`] = `
<div>
  <h1>
    GifApp
  </h1>
  <input
    placeholder="Buscar Gifs"
    type="text"
    value=""
  />
  <h3 />
  <h2>
    Cargando...
  </h2>
  <div
    class="card-grid"
  />
</div>
`;
