// Jest Snapshot v1, https://goo.gl/fbAQLP

exports[`Pruebas en <GiftItem.jsx/> debe hacer match con el snapshot 1`] = `
<div>
  <div
    class="card"
  >
    <img
      alt="titulo"
      src="https://www.google.com/"
    />
    <p>
      titulo
    </p>
  </div>
</div>
`;
